src/App.tsx(41,15): error TS2345: Argument of type 'string' is not assignable to parameter of type 'SetStateAction<Role | null>'.
src/App.tsx(42,17): error TS7053: Element implicitly has an 'any' type because expression of type 'string' can't be used to index type 'Record<Role, string>'.
  No index signature with a parameter of type 'string' was found on type 'Record<Role, string>'.
src/components/Charts.tsx(92,9): error TS6133: 'chartData' is declared but its value is never read.
src/screens/AdminScreens.tsx(10,1): error TS6192: All imports in import declaration are unused.
src/screens/AdminScreens.tsx(160,33): error TS6133: 'onNav' is declared but its value is never read.
src/screens/AdminScreens.tsx(486,9): error TS6198: All destructured elements are unused.
src/screens/AdminScreens.tsx(1065,9): error TS6198: All destructured elements are unused.
src/screens/AdminScreens.tsx(1209,9): error TS6198: All destructured elements are unused.
src/screens/AdminScreens.tsx(1344,9): error TS6198: All destructured elements are unused.
src/screens/AdminScreens.tsx(1426,9): error TS6198: All destructured elements are unused.
src/screens/AdminScreens.tsx(1544,22): error TS6133: 'showConfirm' is declared but its value is never read.
src/screens/AdminScreens.tsx(1664,22): error TS6133: 'showConfirm' is declared but its value is never read.
src/screens/AuthScreens.tsx(3,10): error TS6133: 'Button' is declared but its value is never read.
src/screens/AuthScreens.tsx(194,9): error TS6198: All destructured elements are unused.
src/screens/AuthScreens.tsx(199,10): error TS6133: 'selectedRole' is declared but its value is never read.
src/screens/AuthScreens.tsx(199,24): error TS6133: 'setSelectedRole' is declared but its value is never read.
src/screens/AuthScreens.tsx(307,34): error TS6133: 'onAuth' is declared but its value is never read.
src/screens/AuthScreens.tsx(308,9): error TS6198: All destructured elements are unused.
src/screens/AuthScreens.tsx(335,13): error TS6133: 'res' is declared but its value is never read.
src/screens/AuthScreens.tsx(447,40): error TS6133: 'onAuth' is declared but its value is never read.
src/screens/AuthScreens.tsx(448,22): error TS6133: 'showConfirm' is declared but its value is never read.
src/screens/AuthScreens.tsx(462,13): error TS6133: 'res' is declared but its value is never read.
src/screens/AuthScreens.tsx(566,18): error TS2345: Argument of type 'string' is not assignable to parameter of type 'Role'.
src/screens/UserScreens.tsx(10,10): error TS6133: 'VerificationAreaChart' is declared but its value is never read.
src/screens/UserScreens.tsx(11,1): error TS6192: All imports in import declaration are unused.
src/screens/UserScreens.tsx(334,22): error TS6133: 'showConfirm' is declared but its value is never read.
src/screens/UserScreens.tsx(645,106): error TS2304: Cannot find name 'showAlert'.
src/screens/UserScreens.tsx(697,45): error TS2304: Cannot find name 'showAlert'.
src/screens/UserScreens.tsx(749,9): error TS6198: All destructured elements are unused.
src/screens/UserScreens.tsx(914,9): error TS6198: All destructured elements are unused.
src/screens/UserScreens.tsx(1043,9): error TS6198: All destructured elements are unused.
src/screens/UserScreens.tsx(1133,9): error TS6198: All destructured elements are unused.
src/screens/UserScreens.tsx(1214,9): error TS6198: All destructured elements are unused.
src/screens/UserScreens.tsx(1259,22): error TS6133: 'showConfirm' is declared but its value is never read.
src/screens/UserScreens.tsx(1313,7): error TS2353: Object literal may only specify known properties, and 'street' does not exist in type '{ name?: string | undefined; phone?: string | undefined; country?: string | undefined; }'.
src/screens/UserScreens.tsx(1318,13): error TS6133: 'res' is declared but its value is never read.
src/screens/UserScreens.tsx(1388,74): error TS6133: 'v' is declared but its value is never read.
src/screens/UserScreens.tsx(1410,30): error TS6133: 'onNav' is declared but its value is never read.
src/screens/VerifierScreens.tsx(3,96): error TS6133: 'Edit' is declared but its value is never read.
src/screens/VerifierScreens.tsx(4,77): error TS6133: 'Pagination' is declared but its value is never read.
src/screens/VerifierScreens.tsx(6,1): error TS6133: 'mockVerificationHistory' is declared but its value is never read.
src/screens/VerifierScreens.tsx(214,10): error TS6133: 'error' is declared but its value is never read.
src/screens/VerifierScreens.tsx(552,22): error TS6133: 'showConfirm' is declared but its value is never read.
src/screens/VerifierScreens.tsx(554,10): error TS6133: 'page' is declared but its value is never read.
src/screens/VerifierScreens.tsx(554,16): error TS6133: 'setPage' is declared but its value is never read.
src/screens/VerifierScreens.tsx(685,60): error TS2571: Object is of type 'unknown'.
src/screens/VerifierScreens.tsx(905,85): error TS2571: Object is of type 'unknown'.
src/screens/VerifierScreens.tsx(1010,84): error TS2571: Object is of type 'unknown'.
src/screens/VerifierScreens.tsx(1264,155): error TS2571: Object is of type 'unknown'.
